<?xml version="1.0" encoding="UTF-8"?>
<TestRun id="20acbb05-7781-4a3c-aed5-c9c6039870c7" name="KHAN@KHAN-PC 2015-05-30 21:12:56" runUser="KHAN-PC\KHAN" xmlns="http://microsoft.com/schemas/VisualStudio/TeamTest/2010">
  <TestSettings name="Local" id="5b2c5f62-c616-40e7-acad-d2f1962650e4">
    <Description>These are default test settings for a local test run.</Description>
    <Deployment enabled="false" runDeploymentRoot="KHAN_KHAN-PC 2015-05-30 21_12_56">
      <DeploymentItem filename="D:\JobTest\ConsoleApplication1\ConsoleApplication1\bin\Debug\ConsoleApplication1.exe" />
    </Deployment>
    <Execution>
      <TestTypeSpecific />
      <AgentRule name="Execution Agents">
      </AgentRule>
    </Execution>
  </TestSettings>
  <Times creation="2015-05-30T21:12:56.5058726+02:00" queuing="2015-05-30T21:12:57.7569441+02:00" start="2015-05-30T21:12:57.8309484+02:00" finish="2015-05-30T21:12:58.4299826+02:00" />
  <ResultSummary outcome="Completed">
    <Counters total="1" executed="1" passed="1" error="0" failed="0" timeout="0" aborted="0" inconclusive="0" passedButRunAborted="0" notRunnable="0" notExecuted="0" disconnected="0" warning="0" completed="0" inProgress="0" pending="0" />
  </ResultSummary>
  <TestDefinitions>
    <UnitTest name="TestBoundryLimits" storage="d:\jobtest\consoleapplication1\robotcleanertest\bin\debug\robotcleanertest.dll" id="f72c52ab-7b92-6dde-acfd-7351520e732c">
      <Execution id="d19f78d0-e859-4934-b166-b1e12510c702" />
      <TestMethod codeBase="D:/JobTest/ConsoleApplication1/RobotCleanerTest/bin/Debug/RobotCleanerTest.DLL" adapterTypeName="Microsoft.VisualStudio.TestTools.TestTypes.Unit.UnitTestAdapter, Microsoft.VisualStudio.QualityTools.Tips.UnitTest.Adapter, Version=10.0.0.0, Culture=neutral, PublicKeyToken=b03f5f7f11d50a3a" className="RobotCleanerTest.RobotEnvironmentTest, RobotCleanerTest, Version=1.0.0.0, Culture=neutral, PublicKeyToken=null" name="TestBoundryLimits" />
    </UnitTest>
  </TestDefinitions>
  <TestLists>
    <TestList name="Results Not in a List" id="8c84fa94-04c1-424b-9868-57a2d4851a1d" />
    <TestList name="All Loaded Results" id="19431567-8539-422a-85d7-44ee4e166bda" />
  </TestLists>
  <TestEntries>
    <TestEntry testId="f72c52ab-7b92-6dde-acfd-7351520e732c" executionId="d19f78d0-e859-4934-b166-b1e12510c702" testListId="8c84fa94-04c1-424b-9868-57a2d4851a1d" />
  </TestEntries>
  <Results>
    <UnitTestResult executionId="d19f78d0-e859-4934-b166-b1e12510c702" testId="f72c52ab-7b92-6dde-acfd-7351520e732c" testName="TestBoundryLimits" computerName="KHAN-PC" duration="00:00:00.0299160" startTime="2015-05-30T21:12:57.8629502+02:00" endTime="2015-05-30T21:12:58.3679791+02:00" testType="13cdc9d9-ddb5-4fa4-a97d-d965ccfc6d4b" outcome="Passed" testListId="8c84fa94-04c1-424b-9868-57a2d4851a1d" relativeResultsDirectory="d19f78d0-e859-4934-b166-b1e12510c702">
    </UnitTestResult>
  </Results>
</TestRun>